[icc2-lic Fri Jul 10 12:17:34 2026] Command 'check_routes' requires licenses
[icc2-lic Fri Jul 10 12:17:34 2026] Attempting to check-out alternate set of keys directly with queueing
[icc2-lic Fri Jul 10 12:17:34 2026] Sending count request for 'ICCompilerII-8' 
[icc2-lic Fri Jul 10 12:17:34 2026] Count request for 'ICCompilerII-8' returned 1 
[icc2-lic Fri Jul 10 12:17:34 2026] Sending check-out request for 'ICCompilerII-8' (1) with wait option
[icc2-lic Fri Jul 10 12:17:34 2026] Check-out request for 'ICCompilerII-8' with wait option succeeded
[icc2-lic Fri Jul 10 12:17:34 2026] Sending checkout check request for 'ICCompilerII-8' 
[icc2-lic Fri Jul 10 12:17:34 2026] Checkout check request for 'ICCompilerII-8' returned 0 
[icc2-lic Fri Jul 10 12:17:34 2026] Sending count request for 'ICCompilerII-8' 
[icc2-lic Fri Jul 10 12:17:34 2026] Count request for 'ICCompilerII-8' returned 1 
[icc2-lic Fri Jul 10 12:17:34 2026] Sending count request for 'ICCompilerII-NX' 
[icc2-lic Fri Jul 10 12:17:34 2026] Count request for 'ICCompilerII-NX' returned 1 
[icc2-lic Fri Jul 10 12:17:34 2026] Sending check-out request for 'ICCompilerII-NX' (1) with wait option
[icc2-lic Fri Jul 10 12:17:34 2026] Check-out request for 'ICCompilerII-NX' with wait option succeeded
[icc2-lic Fri Jul 10 12:17:34 2026] Sending checkout check request for 'ICCompilerII-NX' 
[icc2-lic Fri Jul 10 12:17:34 2026] Checkout check request for 'ICCompilerII-NX' returned 0 
[icc2-lic Fri Jul 10 12:17:34 2026] Sending count request for 'ICCompilerII-NX' 
[icc2-lic Fri Jul 10 12:17:34 2026] Count request for 'ICCompilerII-NX' returned 1 
[icc2-lic Fri Jul 10 12:17:34 2026] Check-out of alternate set of keys directly with queueing was successful
Cell Min-Routing-Layer = M1
Cell Max-Routing-Layer = MRDL
Turn off antenna since no rule is specified
Information: Option route.detail.force_end_on_preferred_grid will be ignored since none of the layers have preferred grid. (ZRT-703)
Warning: Cannot find a default contact code for layer CO. (ZRT-022)
Warning: Port VDD of cell sync_fifo is unplaced.  This may impact routing result. (ZRT-740)
Warning: Port VSS of cell sync_fifo is unplaced.  This may impact routing result. (ZRT-740)
Warning: Ignore 2 top cell ports with no pins. (ZRT-027)
Info: number of net_type_blockage: 0 
Information: Via ladder engine would be activated for pattern must join connection in certain commands. Please refer to man-page for the command list. (ZRT-619)
Information: When applicable Min-max layer allow_pin_connection mode will allow paths of length 5.32 outside the layer range. (ZRT-707)
Information: When applicable Min-max layer allow_pin_connection mode will allow paths of length 5.32 outside the layer range on clock nets. (ZRT-718)
Information: When applicable layer based tapering will taper up to 0.00 in distance from the pin. (ZRT-706)


Start checking for open nets ... 

Total number of nets = 688, of which 0 are not extracted
Total number of open nets = 0, of which 0 are frozen

Check 688 nets, 0 have Errors

[CHECK OPEN NETS] Elapsed real time: 0:00:00 
[CHECK OPEN NETS] Elapsed cpu  time: sys=0:00:00 usr=0:00:00 total=0:00:00
[CHECK OPEN NETS] Stage (MB): Used    0  Alloctr    0  Proc    0 
[CHECK OPEN NETS] Total (MB): Used   24  Alloctr   25  Proc 5450 
Printing options for 'route.common.*'
common.eco_route_fix_existing_drc                       :	 true                
common.verbose_level                                    :	 0                   

Printing options for 'route.detail.*'
detail.antenna                                          :	 true                
detail.antenna_fixing_preference                        :	 use_diodes          
detail.diode_libcell_names                              :	 */ANTENNA_RVT       
detail.eco_route_use_soft_spacing_for_timing_optimization:	 true                
detail.force_max_number_iterations                      :	 false               
detail.timing_driven                                    :	 true                

Printing options for 'route.auto_via_ladder.*'


Begin full DRC check ...

Information: Using 1 threads for routing. (ZRT-444)
Checked	1/1 Partitions, Violations =	0
[DRC CHECK] Elapsed real time: 0:00:00 
[DRC CHECK] Elapsed cpu  time: sys=0:00:00 usr=0:00:00 total=0:00:00
[DRC CHECK] Stage (MB): Used    0  Alloctr    0  Proc    0 
[DRC CHECK] Total (MB): Used  113  Alloctr  114  Proc 5450 
Warning: No antenna rules defined, Skip antenna analysis. (ZRT-309)

DRC-SUMMARY:
	@@@@@@@ TOTAL VIOLATIONS =	0


Total Wire Length =                    7845 micron
Total Number of Contacts =             4299
Total Number of Wires =                4437
Total Number of PtConns =              601
Total Number of Routed Wires =       4437
Total Routed Wire Length =           7789 micron
Total Number of Routed Contacts =       4299
	Layer             M1 :        278 micron
	Layer             M2 :       3421 micron
	Layer             M3 :       3453 micron
	Layer             M4 :        527 micron
	Layer             M5 :        110 micron
	Layer             M6 :          0 micron
	Layer             M7 :          0 micron
	Layer             M8 :          0 micron
	Layer             M9 :          0 micron
	Layer           MRDL :          0 micron
	Via   VIA45SQ_C(rot) :         17
	Via        VIA34SQ_C :        240
	Via        VIA23SQ_C :          4
	Via   VIA23SQ_C(rot) :       1961
	Via        VIA12SQ_C :       1898
	Via   VIA12SQ_C(rot) :        161
	Via       VIA12BAR_C :         14
	Via    VIA12SQ_C_2x1 :          4

 
Redundant via conversion report:
--------------------------------

  Total optimized via conversion rate =  0.09% (4 / 4299 vias)
 
    Layer VIA1       =  0.19% (4      / 2077    vias)
        Weight 1     =  0.19% (4       vias)
        Un-optimized =  0.00% (0       vias)
        Un-mapped    = 99.81% (2073    vias)
    Layer VIA2       =  0.00% (0      / 1965    vias)
        Un-optimized =  0.00% (0       vias)
        Un-mapped    = 100.00% (1965    vias)
    Layer VIA3       =  0.00% (0      / 240     vias)
        Un-optimized =  0.00% (0       vias)
        Un-mapped    = 100.00% (240     vias)
    Layer VIA4       =  0.00% (0      / 17      vias)
        Un-optimized =  0.00% (0       vias)
        Un-mapped    = 100.00% (17      vias)
 
  Total double via conversion rate    =  0.09% (4 / 4299 vias)
 
    Layer VIA1       =  0.19% (4      / 2077    vias)
    Layer VIA2       =  0.00% (0      / 1965    vias)
    Layer VIA3       =  0.00% (0      / 240     vias)
    Layer VIA4       =  0.00% (0      / 17      vias)
 
  The optimized via conversion rate based on total routed via count =  0.09% (4 / 4299 vias)
 
    Layer VIA1       =  0.19% (4      / 2077    vias)
        Weight 1     =  0.19% (4       vias)
        Un-optimized =  0.00% (0       vias)
        Un-mapped    = 99.81% (2073    vias)
    Layer VIA2       =  0.00% (0      / 1965    vias)
        Un-optimized =  0.00% (0       vias)
        Un-mapped    = 100.00% (1965    vias)
    Layer VIA3       =  0.00% (0      / 240     vias)
        Un-optimized =  0.00% (0       vias)
        Un-mapped    = 100.00% (240     vias)
    Layer VIA4       =  0.00% (0      / 17      vias)
        Un-optimized =  0.00% (0       vias)
        Un-mapped    = 100.00% (17      vias)
 


Verify Summary:

Total number of nets = 688, of which 0 are not extracted
Total number of open nets = 0, of which 0 are frozen
Total number of excluded ports = 0 ports of 0 unplaced cells connected to 0 nets
                                 0 ports without pins of 0 cells connected to 0 nets
                                 0 ports of 0 cover cells connected to 0 non-pg nets
Total number of DRCs = 0
Total number of antenna violations = no antenna rules defined
Total number of tie to rail violations = not checked
Total number of tie to rail directly violations = not checked


