[icc2-lic Fri Jul 10 12:18:40 2026] Command 'report_power' requires licenses
[icc2-lic Fri Jul 10 12:18:40 2026] Attempting to check-out alternate set of keys directly with queueing
[icc2-lic Fri Jul 10 12:18:40 2026] Sending count request for 'ICCompilerII-8' 
[icc2-lic Fri Jul 10 12:18:40 2026] Count request for 'ICCompilerII-8' returned 1 
[icc2-lic Fri Jul 10 12:18:40 2026] Sending check-out request for 'ICCompilerII-8' (1) with wait option
[icc2-lic Fri Jul 10 12:18:40 2026] Check-out request for 'ICCompilerII-8' with wait option succeeded
[icc2-lic Fri Jul 10 12:18:40 2026] Sending checkout check request for 'ICCompilerII-8' 
[icc2-lic Fri Jul 10 12:18:40 2026] Checkout check request for 'ICCompilerII-8' returned 0 
[icc2-lic Fri Jul 10 12:18:40 2026] Sending count request for 'ICCompilerII-8' 
[icc2-lic Fri Jul 10 12:18:40 2026] Count request for 'ICCompilerII-8' returned 1 
[icc2-lic Fri Jul 10 12:18:40 2026] Sending count request for 'ICCompilerII-NX' 
[icc2-lic Fri Jul 10 12:18:40 2026] Count request for 'ICCompilerII-NX' returned 1 
[icc2-lic Fri Jul 10 12:18:40 2026] Sending check-out request for 'ICCompilerII-NX' (1) with wait option
[icc2-lic Fri Jul 10 12:18:40 2026] Check-out request for 'ICCompilerII-NX' with wait option succeeded
[icc2-lic Fri Jul 10 12:18:40 2026] Sending checkout check request for 'ICCompilerII-NX' 
[icc2-lic Fri Jul 10 12:18:40 2026] Checkout check request for 'ICCompilerII-NX' returned 0 
[icc2-lic Fri Jul 10 12:18:40 2026] Sending count request for 'ICCompilerII-NX' 
[icc2-lic Fri Jul 10 12:18:40 2026] Count request for 'ICCompilerII-NX' returned 1 
[icc2-lic Fri Jul 10 12:18:40 2026] Check-out of alternate set of keys directly with queueing was successful
****************************************
Report : power
        -hier
        -significant_digits 2
Design : fifo_sync
Version: W-2024.09
Date   : Fri Jul 10 12:18:40 2026
****************************************
Information: Activity for scenario func::nom was cached, no propagation required. (POW-005)
Mode: func
Corner: nom
Scenario: func::nom
Voltage: 0.85
Temperature: 125.00

Voltage Unit         : 1V
Capacitance Unit     : 1fF
Time Unit            : 1ns
Temperature Unit     : 1C
Dynamic Power Unit   : 1pW
Leakage Power Unit   : 1pW

Switched supply net power scaling:
scaling for leakage power

Supply nets:
VDD (power) probability 1.00 (default)
VSS (ground) probability 1.00 (default)
Warning: Power table extrapolation (extrapolation mode) for port D on cell wr_error_o_reg for parameter Tinp. Lowest table value = inf, highest table value = inf, value = 0.027943 (POW-046)
Warning: Power table extrapolation (extrapolation mode) for port QN on cell wr_error_o_reg for parameter Cout. Lowest table value = 0.000100, highest table value = 0.008000, value = 0.000000 (POW-046)
Warning: Power table extrapolation (extrapolation mode) for port D on cell wr_ptr_reg[1] for parameter Tinp. Lowest table value = inf, highest table value = inf, value = 0.018272 (POW-046)
Warning: Power table extrapolation (extrapolation mode) for port D on cell wr_ptr_reg[2] for parameter Tinp. Lowest table value = inf, highest table value = inf, value = 0.021210 (POW-046)
Warning: Power table extrapolation (extrapolation mode) for port D on cell wr_ptr_reg[3] for parameter Tinp. Lowest table value = inf, highest table value = inf, value = 0.022945 (POW-046)
Warning: Power table extrapolation (extrapolation mode) for port D on cell wr_toggle_f_reg for parameter Tinp. Lowest table value = inf, highest table value = inf, value = 0.022392 (POW-046)
Warning: Power table extrapolation (extrapolation mode) for port D on cell rd_error_o_reg for parameter Tinp. Lowest table value = inf, highest table value = inf, value = 0.024853 (POW-046)
Warning: Power table extrapolation (extrapolation mode) for port QN on cell rd_error_o_reg for parameter Cout. Lowest table value = 0.000100, highest table value = 0.008000, value = 0.000000 (POW-046)
Warning: Power table extrapolation (extrapolation mode) for port D on cell rd_ptr_reg[3] for parameter Tinp. Lowest table value = inf, highest table value = inf, value = 0.019321 (POW-046)
Warning: Power table extrapolation (extrapolation mode) for port D on cell rd_ptr_reg[1] for parameter Tinp. Lowest table value = inf, highest table value = inf, value = 0.021992 (POW-046)
Note - message 'POW-046' limit (10) exceeded. Remainder will be suppressed.


Hierarchy                                                  Internal Power        Switching Power          Leakage Power            Total Power       %
---------------------------------------------------------------------------------------------------------------------------------------------------------
sync_fifo                                                        1.75e+08               3.76e+07               4.29e+09               4.50e+09    100.00
1
