[icc2-lic Fri Jul 10 12:18:40 2026] Command 'report_qor' requires licenses
[icc2-lic Fri Jul 10 12:18:40 2026] Attempting to check-out alternate set of keys directly with queueing
[icc2-lic Fri Jul 10 12:18:40 2026] Sending count request for 'ICCompilerII-8' 
[icc2-lic Fri Jul 10 12:18:40 2026] Count request for 'ICCompilerII-8' returned 1 
[icc2-lic Fri Jul 10 12:18:40 2026] Sending check-out request for 'ICCompilerII-8' (1) with wait option
[icc2-lic Fri Jul 10 12:18:40 2026] Check-out request for 'ICCompilerII-8' with wait option succeeded
[icc2-lic Fri Jul 10 12:18:40 2026] Sending checkout check request for 'ICCompilerII-8' 
[icc2-lic Fri Jul 10 12:18:40 2026] Checkout check request for 'ICCompilerII-8' returned 0 
[icc2-lic Fri Jul 10 12:18:40 2026] Sending count request for 'ICCompilerII-8' 
[icc2-lic Fri Jul 10 12:18:40 2026] Count request for 'ICCompilerII-8' returned 1 
[icc2-lic Fri Jul 10 12:18:40 2026] Sending count request for 'ICCompilerII-NX' 
[icc2-lic Fri Jul 10 12:18:40 2026] Count request for 'ICCompilerII-NX' returned 1 
[icc2-lic Fri Jul 10 12:18:40 2026] Sending check-out request for 'ICCompilerII-NX' (1) with wait option
[icc2-lic Fri Jul 10 12:18:40 2026] Check-out request for 'ICCompilerII-NX' with wait option succeeded
[icc2-lic Fri Jul 10 12:18:40 2026] Sending checkout check request for 'ICCompilerII-NX' 
[icc2-lic Fri Jul 10 12:18:40 2026] Checkout check request for 'ICCompilerII-NX' returned 0 
[icc2-lic Fri Jul 10 12:18:40 2026] Sending count request for 'ICCompilerII-NX' 
[icc2-lic Fri Jul 10 12:18:40 2026] Count request for 'ICCompilerII-NX' returned 1 
[icc2-lic Fri Jul 10 12:18:40 2026] Check-out of alternate set of keys directly with queueing was successful
****************************************
Report : qor
Design : fifo_sync
Version: W-2024.09
Date   : Fri Jul 10 12:18:40 2026
****************************************


Scenario           'func::nom'
Timing Path Group  '**in2reg_default**'
----------------------------------------
Levels of Logic:                      9
Critical Path Length:              1.34
Critical Path Slack:               2.54
Critical Path Clk Period:          4.00
Total Negative Slack:              0.00
No. of Violating Paths:               0
Worst Hold Violation:              0.00
Total Hold Violation:              0.00
No. of Hold Violations:               0
----------------------------------------

Scenario           'func::nom'
Timing Path Group  '**reg2out_default**'
----------------------------------------
Levels of Logic:                      5
Critical Path Length:              0.30
Critical Path Slack:               2.58
Critical Path Clk Period:          4.00
Total Negative Slack:              0.00
No. of Violating Paths:               0
Worst Hold Violation:              0.00
Total Hold Violation:              0.00
No. of Hold Violations:               0
----------------------------------------

Scenario           'func::nom'
Timing Path Group  'CLK'
----------------------------------------
Levels of Logic:                     11
Critical Path Length:              0.51
Critical Path Slack:               3.35
Critical Path Clk Period:          4.00
Total Negative Slack:              0.00
No. of Violating Paths:               0
Worst Hold Violation:              0.00
Total Hold Violation:              0.00
No. of Hold Violations:               0
----------------------------------------


Cell Count
----------------------------------------
Hierarchical Cell Count:              0
Hierarchical Port Count:              0
Leaf Cell Count:                    560
Buf/Inv Cell Count:                  92
Buf Cell Count:                      12
Inv Cell Count:                      80
Combinational Cell Count:           412
   Single-bit Isolation Cell Count:                        0
   Multi-bit Isolation Cell Count:                         0
   Isolation Cell Banking Ratio:                           0.00%
   Single-bit Level Shifter Cell Count:                    0
   Multi-bit Level Shifter Cell Count:                     0
   Level Shifter Cell Banking Ratio:                       0.00%
   Single-bit ELS Cell Count:                              0
   Multi-bit ELS Cell Count:                               0
   ELS Cell Banking Ratio:                                 0.00%
Sequential Cell Count:              148
   Integrated Clock-Gating Cell Count:                     0
   Sequential Macro Cell Count:                            0
   Single-bit Sequential Cell Count:                       148
   Multi-bit Sequential Cell Count:                        0
   Sequential Cell Banking Ratio:                          0.00%
   BitsPerflop:                                            1.00
Macro Count:                          0
----------------------------------------


Area
----------------------------------------
Combinational Area:             1024.96
Noncombinational Area:           977.95
Buf/Inv Area:                    141.81
Total Buffer Area:                29.99
Total Inverter Area:             111.82
Macro/Black Box Area:              0.00
Net Area:                             0
Net XLength:                    3894.28
Net YLength:                    3950.01
----------------------------------------
Cell Area (netlist):                           2002.91
Cell Area (netlist and physical only):         2002.91
Net Length:                     7844.29


Design Rules
----------------------------------------
Total Number of Nets:               688
Nets with Violations:                 0
Max Trans Violations:                 0
Max Cap Violations:                   0
----------------------------------------

1
