[icc2-lic Fri Jul 10 12:08:40 2026] Command 'report_timing' requires licenses
[icc2-lic Fri Jul 10 12:08:40 2026] Attempting to check-out alternate set of keys directly with queueing
[icc2-lic Fri Jul 10 12:08:40 2026] Sending count request for 'ICCompilerII-8' 
[icc2-lic Fri Jul 10 12:08:40 2026] Count request for 'ICCompilerII-8' returned 1 
[icc2-lic Fri Jul 10 12:08:40 2026] Sending check-out request for 'ICCompilerII-8' (1) with wait option
[icc2-lic Fri Jul 10 12:08:40 2026] Check-out request for 'ICCompilerII-8' with wait option succeeded
[icc2-lic Fri Jul 10 12:08:40 2026] Sending checkout check request for 'ICCompilerII-8' 
[icc2-lic Fri Jul 10 12:08:40 2026] Checkout check request for 'ICCompilerII-8' returned 0 
[icc2-lic Fri Jul 10 12:08:40 2026] Sending count request for 'ICCompilerII-8' 
[icc2-lic Fri Jul 10 12:08:40 2026] Count request for 'ICCompilerII-8' returned 1 
[icc2-lic Fri Jul 10 12:08:40 2026] Sending count request for 'ICCompilerII-NX' 
[icc2-lic Fri Jul 10 12:08:40 2026] Count request for 'ICCompilerII-NX' returned 1 
[icc2-lic Fri Jul 10 12:08:40 2026] Sending check-out request for 'ICCompilerII-NX' (1) with wait option
[icc2-lic Fri Jul 10 12:08:41 2026] Check-out request for 'ICCompilerII-NX' with wait option succeeded
[icc2-lic Fri Jul 10 12:08:41 2026] Sending checkout check request for 'ICCompilerII-NX' 
[icc2-lic Fri Jul 10 12:08:41 2026] Checkout check request for 'ICCompilerII-NX' returned 0 
[icc2-lic Fri Jul 10 12:08:41 2026] Sending count request for 'ICCompilerII-NX' 
[icc2-lic Fri Jul 10 12:08:41 2026] Count request for 'ICCompilerII-NX' returned 1 
[icc2-lic Fri Jul 10 12:08:41 2026] Check-out of alternate set of keys directly with queueing was successful
****************************************
Report : timing
        -path_type full
        -delay_type max
        -max_paths 10
        -report_by design
Design : fifo_sync
Version: W-2024.09
Date   : Fri Jul 10 12:08:41 2026
****************************************

  Startpoint: wr_en_i (input port clocked by CLK)
  Endpoint: mem_reg[5][7] (rising edge-triggered flip-flop clocked by CLK)
  Mode: func
  Corner: nom
  Scenario: func::nom
  Path Group: **in2reg_default**
  Path Type: max

  Point                                            Incr      Path  
  ------------------------------------------------------------------------
  clock CLK (rise edge)                            0.00      0.00
  clock network delay (ideal)                      0.00      0.00
  input external delay                             1.00      1.00 r
  wr_en_i (in)                                     0.00      1.00 r
  U579/Y (AND2X1_RVT)                              0.03      1.03 r
  U549/Y (AND2X1_RVT)                              0.03      1.06 r
  ctmTdsLR_1_121/Y (AOI221X1_RVT)                  0.10      1.16 f
  ctmTdsLR_1_37/Y (NOR2X0_RVT)                     0.04      1.20 r
  ZBUF_154_inst_126/Y (NBUFFX2_RVT)                0.05      1.25 r
  U443/Y (MUX21X1_RVT)                             0.05      1.31 f
  mem_reg[5][7]/D (DFFX1_RVT)                      0.00      1.31 f
  data arrival time                                          1.31

  clock CLK (rise edge)                            4.00      4.00
  clock network delay (ideal)                      0.00      4.00
  mem_reg[5][7]/CLK (DFFX1_RVT)                    0.00      4.00 r
  clock uncertainty                               -0.10      3.90
  library setup time                              -0.02      3.88
  data required time                                         3.88
  ------------------------------------------------------------------------
  data required time                                         3.88
  data arrival time                                         -1.31
  ------------------------------------------------------------------------
  slack (MET)                                                2.57



  Startpoint: wr_en_i (input port clocked by CLK)
  Endpoint: mem_reg[5][3] (rising edge-triggered flip-flop clocked by CLK)
  Mode: func
  Corner: nom
  Scenario: func::nom
  Path Group: **in2reg_default**
  Path Type: max

  Point                                            Incr      Path  
  ------------------------------------------------------------------------
  clock CLK (rise edge)                            0.00      0.00
  clock network delay (ideal)                      0.00      0.00
  input external delay                             1.00      1.00 r
  wr_en_i (in)                                     0.00      1.00 r
  U579/Y (AND2X1_RVT)                              0.03      1.03 r
  U549/Y (AND2X1_RVT)                              0.03      1.06 r
  ctmTdsLR_1_121/Y (AOI221X1_RVT)                  0.10      1.16 f
  ctmTdsLR_1_37/Y (NOR2X0_RVT)                     0.04      1.20 r
  ZBUF_154_inst_126/Y (NBUFFX2_RVT)                0.05      1.25 r
  U447/Y (MUX21X1_RVT)                             0.05      1.30 f
  mem_reg[5][3]/D (DFFX1_RVT)                      0.00      1.30 f
  data arrival time                                          1.30

  clock CLK (rise edge)                            4.00      4.00
  clock network delay (ideal)                      0.00      4.00
  mem_reg[5][3]/CLK (DFFX1_RVT)                    0.00      4.00 r
  clock uncertainty                               -0.10      3.90
  library setup time                              -0.02      3.88
  data required time                                         3.88
  ------------------------------------------------------------------------
  data required time                                         3.88
  data arrival time                                         -1.30
  ------------------------------------------------------------------------
  slack (MET)                                                2.57



  Startpoint: wr_en_i (input port clocked by CLK)
  Endpoint: mem_reg[5][5] (rising edge-triggered flip-flop clocked by CLK)
  Mode: func
  Corner: nom
  Scenario: func::nom
  Path Group: **in2reg_default**
  Path Type: max

  Point                                            Incr      Path  
  ------------------------------------------------------------------------
  clock CLK (rise edge)                            0.00      0.00
  clock network delay (ideal)                      0.00      0.00
  input external delay                             1.00      1.00 r
  wr_en_i (in)                                     0.00      1.00 r
  U579/Y (AND2X1_RVT)                              0.03      1.03 r
  U549/Y (AND2X1_RVT)                              0.03      1.06 r
  ctmTdsLR_1_121/Y (AOI221X1_RVT)                  0.10      1.16 f
  ctmTdsLR_1_37/Y (NOR2X0_RVT)                     0.04      1.20 r
  ZBUF_154_inst_126/Y (NBUFFX2_RVT)                0.05      1.25 r
  U445/Y (MUX21X1_RVT)                             0.05      1.30 f
  mem_reg[5][5]/D (DFFX1_RVT)                      0.00      1.30 f
  data arrival time                                          1.30

  clock CLK (rise edge)                            4.00      4.00
  clock network delay (ideal)                      0.00      4.00
  mem_reg[5][5]/CLK (DFFX1_RVT)                    0.00      4.00 r
  clock uncertainty                               -0.10      3.90
  library setup time                              -0.02      3.88
  data required time                                         3.88
  ------------------------------------------------------------------------
  data required time                                         3.88
  data arrival time                                         -1.30
  ------------------------------------------------------------------------
  slack (MET)                                                2.57



  Startpoint: wr_en_i (input port clocked by CLK)
  Endpoint: mem_reg[5][0] (rising edge-triggered flip-flop clocked by CLK)
  Mode: func
  Corner: nom
  Scenario: func::nom
  Path Group: **in2reg_default**
  Path Type: max

  Point                                            Incr      Path  
  ------------------------------------------------------------------------
  clock CLK (rise edge)                            0.00      0.00
  clock network delay (ideal)                      0.00      0.00
  input external delay                             1.00      1.00 r
  wr_en_i (in)                                     0.00      1.00 r
  U579/Y (AND2X1_RVT)                              0.03      1.03 r
  U549/Y (AND2X1_RVT)                              0.03      1.06 r
  ctmTdsLR_1_121/Y (AOI221X1_RVT)                  0.10      1.16 f
  ctmTdsLR_1_37/Y (NOR2X0_RVT)                     0.04      1.20 r
  ZBUF_154_inst_126/Y (NBUFFX2_RVT)                0.05      1.25 r
  U450/Y (MUX21X1_RVT)                             0.05      1.30 f
  mem_reg[5][0]/D (DFFX1_RVT)                      0.00      1.30 f
  data arrival time                                          1.30

  clock CLK (rise edge)                            4.00      4.00
  clock network delay (ideal)                      0.00      4.00
  mem_reg[5][0]/CLK (DFFX1_RVT)                    0.00      4.00 r
  clock uncertainty                               -0.10      3.90
  library setup time                              -0.02      3.88
  data required time                                         3.88
  ------------------------------------------------------------------------
  data required time                                         3.88
  data arrival time                                         -1.30
  ------------------------------------------------------------------------
  slack (MET)                                                2.57



  Startpoint: wr_en_i (input port clocked by CLK)
  Endpoint: mem_reg[5][4] (rising edge-triggered flip-flop clocked by CLK)
  Mode: func
  Corner: nom
  Scenario: func::nom
  Path Group: **in2reg_default**
  Path Type: max

  Point                                            Incr      Path  
  ------------------------------------------------------------------------
  clock CLK (rise edge)                            0.00      0.00
  clock network delay (ideal)                      0.00      0.00
  input external delay                             1.00      1.00 r
  wr_en_i (in)                                     0.00      1.00 r
  U579/Y (AND2X1_RVT)                              0.03      1.03 r
  U549/Y (AND2X1_RVT)                              0.03      1.06 r
  ctmTdsLR_1_121/Y (AOI221X1_RVT)                  0.10      1.16 f
  ctmTdsLR_1_37/Y (NOR2X0_RVT)                     0.04      1.20 r
  ZBUF_154_inst_126/Y (NBUFFX2_RVT)                0.05      1.25 r
  U446/Y (MUX21X1_RVT)                             0.05      1.30 f
  mem_reg[5][4]/D (DFFX1_RVT)                      0.00      1.30 f
  data arrival time                                          1.30

  clock CLK (rise edge)                            4.00      4.00
  clock network delay (ideal)                      0.00      4.00
  mem_reg[5][4]/CLK (DFFX1_RVT)                    0.00      4.00 r
  clock uncertainty                               -0.10      3.90
  library setup time                              -0.02      3.88
  data required time                                         3.88
  ------------------------------------------------------------------------
  data required time                                         3.88
  data arrival time                                         -1.30
  ------------------------------------------------------------------------
  slack (MET)                                                2.57



  Startpoint: wr_en_i (input port clocked by CLK)
  Endpoint: mem_reg[5][6] (rising edge-triggered flip-flop clocked by CLK)
  Mode: func
  Corner: nom
  Scenario: func::nom
  Path Group: **in2reg_default**
  Path Type: max

  Point                                            Incr      Path  
  ------------------------------------------------------------------------
  clock CLK (rise edge)                            0.00      0.00
  clock network delay (ideal)                      0.00      0.00
  input external delay                             1.00      1.00 r
  wr_en_i (in)                                     0.00      1.00 r
  U579/Y (AND2X1_RVT)                              0.03      1.03 r
  U549/Y (AND2X1_RVT)                              0.03      1.06 r
  ctmTdsLR_1_121/Y (AOI221X1_RVT)                  0.10      1.16 f
  ctmTdsLR_1_37/Y (NOR2X0_RVT)                     0.04      1.20 r
  ZBUF_154_inst_126/Y (NBUFFX2_RVT)                0.05      1.25 r
  U444/Y (MUX21X1_RVT)                             0.05      1.30 f
  mem_reg[5][6]/D (DFFX1_RVT)                      0.00      1.30 f
  data arrival time                                          1.30

  clock CLK (rise edge)                            4.00      4.00
  clock network delay (ideal)                      0.00      4.00
  mem_reg[5][6]/CLK (DFFX1_RVT)                    0.00      4.00 r
  clock uncertainty                               -0.10      3.90
  library setup time                              -0.02      3.88
  data required time                                         3.88
  ------------------------------------------------------------------------
  data required time                                         3.88
  data arrival time                                         -1.30
  ------------------------------------------------------------------------
  slack (MET)                                                2.57



  Startpoint: wr_en_i (input port clocked by CLK)
  Endpoint: mem_reg[5][1] (rising edge-triggered flip-flop clocked by CLK)
  Mode: func
  Corner: nom
  Scenario: func::nom
  Path Group: **in2reg_default**
  Path Type: max

  Point                                            Incr      Path  
  ------------------------------------------------------------------------
  clock CLK (rise edge)                            0.00      0.00
  clock network delay (ideal)                      0.00      0.00
  input external delay                             1.00      1.00 r
  wr_en_i (in)                                     0.00      1.00 r
  U579/Y (AND2X1_RVT)                              0.03      1.03 r
  U549/Y (AND2X1_RVT)                              0.03      1.06 r
  ctmTdsLR_1_121/Y (AOI221X1_RVT)                  0.10      1.16 f
  ctmTdsLR_1_37/Y (NOR2X0_RVT)                     0.04      1.20 r
  ZBUF_154_inst_126/Y (NBUFFX2_RVT)                0.05      1.25 r
  U449/Y (MUX21X1_RVT)                             0.05      1.30 f
  mem_reg[5][1]/D (DFFX1_RVT)                      0.00      1.30 f
  data arrival time                                          1.30

  clock CLK (rise edge)                            4.00      4.00
  clock network delay (ideal)                      0.00      4.00
  mem_reg[5][1]/CLK (DFFX1_RVT)                    0.00      4.00 r
  clock uncertainty                               -0.10      3.90
  library setup time                              -0.02      3.88
  data required time                                         3.88
  ------------------------------------------------------------------------
  data required time                                         3.88
  data arrival time                                         -1.30
  ------------------------------------------------------------------------
  slack (MET)                                                2.57



  Startpoint: wr_en_i (input port clocked by CLK)
  Endpoint: mem_reg[5][2] (rising edge-triggered flip-flop clocked by CLK)
  Mode: func
  Corner: nom
  Scenario: func::nom
  Path Group: **in2reg_default**
  Path Type: max

  Point                                            Incr      Path  
  ------------------------------------------------------------------------
  clock CLK (rise edge)                            0.00      0.00
  clock network delay (ideal)                      0.00      0.00
  input external delay                             1.00      1.00 r
  wr_en_i (in)                                     0.00      1.00 r
  U579/Y (AND2X1_RVT)                              0.03      1.03 r
  U549/Y (AND2X1_RVT)                              0.03      1.06 r
  ctmTdsLR_1_121/Y (AOI221X1_RVT)                  0.10      1.16 f
  ctmTdsLR_1_37/Y (NOR2X0_RVT)                     0.04      1.20 r
  ZBUF_154_inst_126/Y (NBUFFX2_RVT)                0.05      1.25 r
  U448/Y (MUX21X1_RVT)                             0.05      1.30 f
  mem_reg[5][2]/D (DFFX1_RVT)                      0.00      1.30 f
  data arrival time                                          1.30

  clock CLK (rise edge)                            4.00      4.00
  clock network delay (ideal)                      0.00      4.00
  mem_reg[5][2]/CLK (DFFX1_RVT)                    0.00      4.00 r
  clock uncertainty                               -0.10      3.90
  library setup time                              -0.02      3.88
  data required time                                         3.88
  ------------------------------------------------------------------------
  data required time                                         3.88
  data arrival time                                         -1.30
  ------------------------------------------------------------------------
  slack (MET)                                                2.57



  Startpoint: wr_en_i (input port clocked by CLK)
  Endpoint: mem_reg[9][7] (rising edge-triggered flip-flop clocked by CLK)
  Mode: func
  Corner: nom
  Scenario: func::nom
  Path Group: **in2reg_default**
  Path Type: max

  Point                                            Incr      Path  
  ------------------------------------------------------------------------
  clock CLK (rise edge)                            0.00      0.00
  clock network delay (ideal)                      0.00      0.00
  input external delay                             1.00      1.00 r
  wr_en_i (in)                                     0.00      1.00 r
  U579/Y (AND2X1_RVT)                              0.03      1.03 r
  U549/Y (AND2X1_RVT)                              0.03      1.06 r
  ctmTdsLR_1_121/Y (AOI221X1_RVT)                  0.10      1.16 f
  ctmTdsLR_1_38/Y (INVX0_RVT)                      0.02      1.18 r
  ctmTdsLR_2_39/Y (AND2X2_RVT)                     0.06      1.24 r
  U451/Y (MUX21X1_RVT)                             0.06      1.30 f
  mem_reg[9][7]/D (DFFX1_RVT)                      0.00      1.30 f
  data arrival time                                          1.30

  clock CLK (rise edge)                            4.00      4.00
  clock network delay (ideal)                      0.00      4.00
  mem_reg[9][7]/CLK (DFFX1_RVT)                    0.00      4.00 r
  clock uncertainty                               -0.10      3.90
  library setup time                              -0.02      3.88
  data required time                                         3.88
  ------------------------------------------------------------------------
  data required time                                         3.88
  data arrival time                                         -1.30
  ------------------------------------------------------------------------
  slack (MET)                                                2.58



  Startpoint: wr_en_i (input port clocked by CLK)
  Endpoint: mem_reg[1][3] (rising edge-triggered flip-flop clocked by CLK)
  Mode: func
  Corner: nom
  Scenario: func::nom
  Path Group: **in2reg_default**
  Path Type: max

  Point                                            Incr      Path  
  ------------------------------------------------------------------------
  clock CLK (rise edge)                            0.00      0.00
  clock network delay (ideal)                      0.00      0.00
  input external delay                             1.00      1.00 r
  wr_en_i (in)                                     0.00      1.00 r
  U579/Y (AND2X1_RVT)                              0.03      1.03 r
  U549/Y (AND2X1_RVT)                              0.03      1.06 r
  ctmTdsLR_1_121/Y (AOI221X1_RVT)                  0.10      1.16 f
  ctmTdsLR_1_79/Y (INVX0_RVT)                      0.02      1.18 r
  ctmTdsLR_2_80/Y (AND2X2_RVT)                     0.06      1.24 r
  U463/Y (MUX21X1_RVT)                             0.06      1.30 f
  mem_reg[1][3]/D (DFFX1_RVT)                      0.00      1.30 f
  data arrival time                                          1.30

  clock CLK (rise edge)                            4.00      4.00
  clock network delay (ideal)                      0.00      4.00
  mem_reg[1][3]/CLK (DFFX1_RVT)                    0.00      4.00 r
  clock uncertainty                               -0.10      3.90
  library setup time                              -0.02      3.88
  data required time                                         3.88
  ------------------------------------------------------------------------
  data required time                                         3.88
  data arrival time                                         -1.30
  ------------------------------------------------------------------------
  slack (MET)                                                2.58


1
